10 30
gkukoudxkfmwykglyfzuqkwmtkuuec
kymvadyicrurvnoyeyhrscznmqhmpe
gjzxjguwkomyanjilyeqcfsmuilwmu
yyuwykduyybutomcqlayhmqfwzwqoc
kngwvqsdnsvaglkvzgemmgwgyaooga
gbcrqwokvcmsayzkjckbauowgqfuyu
qoqlxgvohmuatwkmpkqmohbkjcxexw
umfrdcmiveopoqfgnvphluomiyinpd
syvyktaaaqtheubmkzggntwciosxos
okcyxfegzyhpuvyiwzyccmcinzyxsy
1
58 11
